// Jest Snapshot v1, https://goo.gl/fbAQLP

exports[`should render correctly with storyId prop 1`] = `
ShallowWrapper {
  Symbol(enzyme.__root__): [Circular],
  Symbol(enzyme.__unrendered__): <AddOpeningLine
    storyId={[Function]}
  />,
  Symbol(enzyme.__renderer__): Object {
    "batchedUpdates": [Function],
    "getNode": [Function],
    "render": [Function],
    "simulateError": [Function],
    "simulateEvent": [Function],
    "unmount": [Function],
  },
  Symbol(enzyme.__node__): Object {
    "instance": null,
    "key": undefined,
    "nodeType": "host",
    "props": Object {
      "children": Array [
        <div
          className="flex flex-column"
        >
          <input
            onChange={[Function]}
            placeholder="Add Your Line"
            value=""
          />
        </div>,
        <Mutation
          mutation={
            Object {
              "definitions": Array [
                Object {
                  "directives": Array [],
                  "kind": "OperationDefinition",
                  "name": Object {
                    "kind": "Name",
                    "value": "Addition",
                  },
                  "operation": "mutation",
                  "selectionSet": Object {
                    "kind": "SelectionSet",
                    "selections": Array [
                      Object {
                        "alias": undefined,
                        "arguments": Array [
                          Object {
                            "kind": "Argument",
                            "name": Object {
                              "kind": "Name",
                              "value": "text",
                            },
                            "value": Object {
                              "kind": "Variable",
                              "name": Object {
                                "kind": "Name",
                                "value": "text",
                              },
                            },
                          },
                          Object {
                            "kind": "Argument",
                            "name": Object {
                              "kind": "Name",
                              "value": "storyId",
                            },
                            "value": Object {
                              "kind": "Variable",
                              "name": Object {
                                "kind": "Name",
                                "value": "storyId",
                              },
                            },
                          },
                        ],
                        "directives": Array [],
                        "kind": "Field",
                        "name": Object {
                          "kind": "Name",
                          "value": "addToStory",
                        },
                        "selectionSet": Object {
                          "kind": "SelectionSet",
                          "selections": Array [
                            Object {
                              "alias": undefined,
                              "arguments": Array [],
                              "directives": Array [],
                              "kind": "Field",
                              "name": Object {
                                "kind": "Name",
                                "value": "id",
                              },
                              "selectionSet": undefined,
                            },
                            Object {
                              "alias": undefined,
                              "arguments": Array [],
                              "directives": Array [],
                              "kind": "Field",
                              "name": Object {
                                "kind": "Name",
                                "value": "text",
                              },
                              "selectionSet": undefined,
                            },
                            Object {
                              "alias": undefined,
                              "arguments": Array [],
                              "directives": Array [],
                              "kind": "Field",
                              "name": Object {
                                "kind": "Name",
                                "value": "story",
                              },
                              "selectionSet": Object {
                                "kind": "SelectionSet",
                                "selections": Array [
                                  Object {
                                    "alias": undefined,
                                    "arguments": Array [],
                                    "directives": Array [],
                                    "kind": "Field",
                                    "name": Object {
                                      "kind": "Name",
                                      "value": "id",
                                    },
                                    "selectionSet": undefined,
                                  },
                                  Object {
                                    "alias": undefined,
                                    "arguments": Array [],
                                    "directives": Array [],
                                    "kind": "Field",
                                    "name": Object {
                                      "kind": "Name",
                                      "value": "content",
                                    },
                                    "selectionSet": undefined,
                                  },
                                ],
                              },
                            },
                          ],
                        },
                      },
                    ],
                  },
                  "variableDefinitions": Array [
                    Object {
                      "defaultValue": undefined,
                      "kind": "VariableDefinition",
                      "type": Object {
                        "kind": "NonNullType",
                        "type": Object {
                          "kind": "NamedType",
                          "name": Object {
                            "kind": "Name",
                            "value": "String",
                          },
                        },
                      },
                      "variable": Object {
                        "kind": "Variable",
                        "name": Object {
                          "kind": "Name",
                          "value": "text",
                        },
                      },
                    },
                    Object {
                      "defaultValue": undefined,
                      "kind": "VariableDefinition",
                      "type": Object {
                        "kind": "NonNullType",
                        "type": Object {
                          "kind": "NamedType",
                          "name": Object {
                            "kind": "Name",
                            "value": "ID",
                          },
                        },
                      },
                      "variable": Object {
                        "kind": "Variable",
                        "name": Object {
                          "kind": "Name",
                          "value": "storyId",
                        },
                      },
                    },
                  ],
                },
              ],
              "kind": "Document",
              "loc": Object {
                "end": 160,
                "start": 0,
              },
            }
          }
          variables={
            Object {
              "storyId": "function(err) {
        if (err) {
          options.fail.apply(null, arguments);
        }
        resolve();
      }",
              "text": "",
            }
          }
        >
          [Function]
        </Mutation>,
      ],
    },
    "ref": null,
    "rendered": Array [
      Object {
        "instance": null,
        "key": undefined,
        "nodeType": "host",
        "props": Object {
          "children": <input
            onChange={[Function]}
            placeholder="Add Your Line"
            value=""
          />,
          "className": "flex flex-column",
        },
        "ref": null,
        "rendered": Object {
          "instance": null,
          "key": undefined,
          "nodeType": "host",
          "props": Object {
            "onChange": [Function],
            "placeholder": "Add Your Line",
            "value": "",
          },
          "ref": null,
          "rendered": null,
          "type": "input",
        },
        "type": "div",
      },
      Object {
        "instance": null,
        "key": undefined,
        "nodeType": "class",
        "props": Object {
          "children": [Function],
          "mutation": Object {
            "definitions": Array [
              Object {
                "directives": Array [],
                "kind": "OperationDefinition",
                "name": Object {
                  "kind": "Name",
                  "value": "Addition",
                },
                "operation": "mutation",
                "selectionSet": Object {
                  "kind": "SelectionSet",
                  "selections": Array [
                    Object {
                      "alias": undefined,
                      "arguments": Array [
                        Object {
                          "kind": "Argument",
                          "name": Object {
                            "kind": "Name",
                            "value": "text",
                          },
                          "value": Object {
                            "kind": "Variable",
                            "name": Object {
                              "kind": "Name",
                              "value": "text",
                            },
                          },
                        },
                        Object {
                          "kind": "Argument",
                          "name": Object {
                            "kind": "Name",
                            "value": "storyId",
                          },
                          "value": Object {
                            "kind": "Variable",
                            "name": Object {
                              "kind": "Name",
                              "value": "storyId",
                            },
                          },
                        },
                      ],
                      "directives": Array [],
                      "kind": "Field",
                      "name": Object {
                        "kind": "Name",
                        "value": "addToStory",
                      },
                      "selectionSet": Object {
                        "kind": "SelectionSet",
                        "selections": Array [
                          Object {
                            "alias": undefined,
                            "arguments": Array [],
                            "directives": Array [],
                            "kind": "Field",
                            "name": Object {
                              "kind": "Name",
                              "value": "id",
                            },
                            "selectionSet": undefined,
                          },
                          Object {
                            "alias": undefined,
                            "arguments": Array [],
                            "directives": Array [],
                            "kind": "Field",
                            "name": Object {
                              "kind": "Name",
                              "value": "text",
                            },
                            "selectionSet": undefined,
                          },
                          Object {
                            "alias": undefined,
                            "arguments": Array [],
                            "directives": Array [],
                            "kind": "Field",
                            "name": Object {
                              "kind": "Name",
                              "value": "story",
                            },
                            "selectionSet": Object {
                              "kind": "SelectionSet",
                              "selections": Array [
                                Object {
                                  "alias": undefined,
                                  "arguments": Array [],
                                  "directives": Array [],
                                  "kind": "Field",
                                  "name": Object {
                                    "kind": "Name",
                                    "value": "id",
                                  },
                                  "selectionSet": undefined,
                                },
                                Object {
                                  "alias": undefined,
                                  "arguments": Array [],
                                  "directives": Array [],
                                  "kind": "Field",
                                  "name": Object {
                                    "kind": "Name",
                                    "value": "content",
                                  },
                                  "selectionSet": undefined,
                                },
                              ],
                            },
                          },
                        ],
                      },
                    },
                  ],
                },
                "variableDefinitions": Array [
                  Object {
                    "defaultValue": undefined,
                    "kind": "VariableDefinition",
                    "type": Object {
                      "kind": "NonNullType",
                      "type": Object {
                        "kind": "NamedType",
                        "name": Object {
                          "kind": "Name",
                          "value": "String",
                        },
                      },
                    },
                    "variable": Object {
                      "kind": "Variable",
                      "name": Object {
                        "kind": "Name",
                        "value": "text",
                      },
                    },
                  },
                  Object {
                    "defaultValue": undefined,
                    "kind": "VariableDefinition",
                    "type": Object {
                      "kind": "NonNullType",
                      "type": Object {
                        "kind": "NamedType",
                        "name": Object {
                          "kind": "Name",
                          "value": "ID",
                        },
                      },
                    },
                    "variable": Object {
                      "kind": "Variable",
                      "name": Object {
                        "kind": "Name",
                        "value": "storyId",
                      },
                    },
                  },
                ],
              },
            ],
            "kind": "Document",
            "loc": Object {
              "end": 160,
              "start": 0,
            },
          },
          "variables": Object {
            "storyId": "function(err) {
        if (err) {
          options.fail.apply(null, arguments);
        }
        resolve();
      }",
            "text": "",
          },
        },
        "ref": null,
        "rendered": [Function],
        "type": [Function],
      },
    ],
    "type": "div",
  },
  Symbol(enzyme.__nodes__): Array [
    Object {
      "instance": null,
      "key": undefined,
      "nodeType": "host",
      "props": Object {
        "children": Array [
          <div
            className="flex flex-column"
          >
            <input
              onChange={[Function]}
              placeholder="Add Your Line"
              value=""
            />
          </div>,
          <Mutation
            mutation={
              Object {
                "definitions": Array [
                  Object {
                    "directives": Array [],
                    "kind": "OperationDefinition",
                    "name": Object {
                      "kind": "Name",
                      "value": "Addition",
                    },
                    "operation": "mutation",
                    "selectionSet": Object {
                      "kind": "SelectionSet",
                      "selections": Array [
                        Object {
                          "alias": undefined,
                          "arguments": Array [
                            Object {
                              "kind": "Argument",
                              "name": Object {
                                "kind": "Name",
                                "value": "text",
                              },
                              "value": Object {
                                "kind": "Variable",
                                "name": Object {
                                  "kind": "Name",
                                  "value": "text",
                                },
                              },
                            },
                            Object {
                              "kind": "Argument",
                              "name": Object {
                                "kind": "Name",
                                "value": "storyId",
                              },
                              "value": Object {
                                "kind": "Variable",
                                "name": Object {
                                  "kind": "Name",
                                  "value": "storyId",
                                },
                              },
                            },
                          ],
                          "directives": Array [],
                          "kind": "Field",
                          "name": Object {
                            "kind": "Name",
                            "value": "addToStory",
                          },
                          "selectionSet": Object {
                            "kind": "SelectionSet",
                            "selections": Array [
                              Object {
                                "alias": undefined,
                                "arguments": Array [],
                                "directives": Array [],
                                "kind": "Field",
                                "name": Object {
                                  "kind": "Name",
                                  "value": "id",
                                },
                                "selectionSet": undefined,
                              },
                              Object {
                                "alias": undefined,
                                "arguments": Array [],
                                "directives": Array [],
                                "kind": "Field",
                                "name": Object {
                                  "kind": "Name",
                                  "value": "text",
                                },
                                "selectionSet": undefined,
                              },
                              Object {
                                "alias": undefined,
                                "arguments": Array [],
                                "directives": Array [],
                                "kind": "Field",
                                "name": Object {
                                  "kind": "Name",
                                  "value": "story",
                                },
                                "selectionSet": Object {
                                  "kind": "SelectionSet",
                                  "selections": Array [
                                    Object {
                                      "alias": undefined,
                                      "arguments": Array [],
                                      "directives": Array [],
                                      "kind": "Field",
                                      "name": Object {
                                        "kind": "Name",
                                        "value": "id",
                                      },
                                      "selectionSet": undefined,
                                    },
                                    Object {
                                      "alias": undefined,
                                      "arguments": Array [],
                                      "directives": Array [],
                                      "kind": "Field",
                                      "name": Object {
                                        "kind": "Name",
                                        "value": "content",
                                      },
                                      "selectionSet": undefined,
                                    },
                                  ],
                                },
                              },
                            ],
                          },
                        },
                      ],
                    },
                    "variableDefinitions": Array [
                      Object {
                        "defaultValue": undefined,
                        "kind": "VariableDefinition",
                        "type": Object {
                          "kind": "NonNullType",
                          "type": Object {
                            "kind": "NamedType",
                            "name": Object {
                              "kind": "Name",
                              "value": "String",
                            },
                          },
                        },
                        "variable": Object {
                          "kind": "Variable",
                          "name": Object {
                            "kind": "Name",
                            "value": "text",
                          },
                        },
                      },
                      Object {
                        "defaultValue": undefined,
                        "kind": "VariableDefinition",
                        "type": Object {
                          "kind": "NonNullType",
                          "type": Object {
                            "kind": "NamedType",
                            "name": Object {
                              "kind": "Name",
                              "value": "ID",
                            },
                          },
                        },
                        "variable": Object {
                          "kind": "Variable",
                          "name": Object {
                            "kind": "Name",
                            "value": "storyId",
                          },
                        },
                      },
                    ],
                  },
                ],
                "kind": "Document",
                "loc": Object {
                  "end": 160,
                  "start": 0,
                },
              }
            }
            variables={
              Object {
                "storyId": "function(err) {
        if (err) {
          options.fail.apply(null, arguments);
        }
        resolve();
      }",
                "text": "",
              }
            }
          >
            [Function]
          </Mutation>,
        ],
      },
      "ref": null,
      "rendered": Array [
        Object {
          "instance": null,
          "key": undefined,
          "nodeType": "host",
          "props": Object {
            "children": <input
              onChange={[Function]}
              placeholder="Add Your Line"
              value=""
            />,
            "className": "flex flex-column",
          },
          "ref": null,
          "rendered": Object {
            "instance": null,
            "key": undefined,
            "nodeType": "host",
            "props": Object {
              "onChange": [Function],
              "placeholder": "Add Your Line",
              "value": "",
            },
            "ref": null,
            "rendered": null,
            "type": "input",
          },
          "type": "div",
        },
        Object {
          "instance": null,
          "key": undefined,
          "nodeType": "class",
          "props": Object {
            "children": [Function],
            "mutation": Object {
              "definitions": Array [
                Object {
                  "directives": Array [],
                  "kind": "OperationDefinition",
                  "name": Object {
                    "kind": "Name",
                    "value": "Addition",
                  },
                  "operation": "mutation",
                  "selectionSet": Object {
                    "kind": "SelectionSet",
                    "selections": Array [
                      Object {
                        "alias": undefined,
                        "arguments": Array [
                          Object {
                            "kind": "Argument",
                            "name": Object {
                              "kind": "Name",
                              "value": "text",
                            },
                            "value": Object {
                              "kind": "Variable",
                              "name": Object {
                                "kind": "Name",
                                "value": "text",
                              },
                            },
                          },
                          Object {
                            "kind": "Argument",
                            "name": Object {
                              "kind": "Name",
                              "value": "storyId",
                            },
                            "value": Object {
                              "kind": "Variable",
                              "name": Object {
                                "kind": "Name",
                                "value": "storyId",
                              },
                            },
                          },
                        ],
                        "directives": Array [],
                        "kind": "Field",
                        "name": Object {
                          "kind": "Name",
                          "value": "addToStory",
                        },
                        "selectionSet": Object {
                          "kind": "SelectionSet",
                          "selections": Array [
                            Object {
                              "alias": undefined,
                              "arguments": Array [],
                              "directives": Array [],
                              "kind": "Field",
                              "name": Object {
                                "kind": "Name",
                                "value": "id",
                              },
                              "selectionSet": undefined,
                            },
                            Object {
                              "alias": undefined,
                              "arguments": Array [],
                              "directives": Array [],
                              "kind": "Field",
                              "name": Object {
                                "kind": "Name",
                                "value": "text",
                              },
                              "selectionSet": undefined,
                            },
                            Object {
                              "alias": undefined,
                              "arguments": Array [],
                              "directives": Array [],
                              "kind": "Field",
                              "name": Object {
                                "kind": "Name",
                                "value": "story",
                              },
                              "selectionSet": Object {
                                "kind": "SelectionSet",
                                "selections": Array [
                                  Object {
                                    "alias": undefined,
                                    "arguments": Array [],
                                    "directives": Array [],
                                    "kind": "Field",
                                    "name": Object {
                                      "kind": "Name",
                                      "value": "id",
                                    },
                                    "selectionSet": undefined,
                                  },
                                  Object {
                                    "alias": undefined,
                                    "arguments": Array [],
                                    "directives": Array [],
                                    "kind": "Field",
                                    "name": Object {
                                      "kind": "Name",
                                      "value": "content",
                                    },
                                    "selectionSet": undefined,
                                  },
                                ],
                              },
                            },
                          ],
                        },
                      },
                    ],
                  },
                  "variableDefinitions": Array [
                    Object {
                      "defaultValue": undefined,
                      "kind": "VariableDefinition",
                      "type": Object {
                        "kind": "NonNullType",
                        "type": Object {
                          "kind": "NamedType",
                          "name": Object {
                            "kind": "Name",
                            "value": "String",
                          },
                        },
                      },
                      "variable": Object {
                        "kind": "Variable",
                        "name": Object {
                          "kind": "Name",
                          "value": "text",
                        },
                      },
                    },
                    Object {
                      "defaultValue": undefined,
                      "kind": "VariableDefinition",
                      "type": Object {
                        "kind": "NonNullType",
                        "type": Object {
                          "kind": "NamedType",
                          "name": Object {
                            "kind": "Name",
                            "value": "ID",
                          },
                        },
                      },
                      "variable": Object {
                        "kind": "Variable",
                        "name": Object {
                          "kind": "Name",
                          "value": "storyId",
                        },
                      },
                    },
                  ],
                },
              ],
              "kind": "Document",
              "loc": Object {
                "end": 160,
                "start": 0,
              },
            },
            "variables": Object {
              "storyId": "function(err) {
        if (err) {
          options.fail.apply(null, arguments);
        }
        resolve();
      }",
              "text": "",
            },
          },
          "ref": null,
          "rendered": [Function],
          "type": [Function],
        },
      ],
      "type": "div",
    },
  ],
  Symbol(enzyme.__options__): Object {
    "adapter": ReactSixteenAdapter {
      "options": Object {
        "enableComponentDidUpdateOnSetState": true,
        "lifecycles": Object {
          "componentDidUpdate": Object {
            "onSetState": true,
          },
          "getDerivedStateFromProps": true,
          "getSnapshotBeforeUpdate": true,
          "setState": Object {
            "skipsComponentDidUpdateOnNullish": true,
          },
        },
      },
    },
  },
}
`;
